// Jest Snapshot v1, https://goo.gl/fbAQLP

exports[`DataScreen Should match the snapshot 1`] = `ShallowWrapper {}`;
