// Jest Snapshot v1, https://goo.gl/fbAQLP

exports[`ExploreScreen Should match the snapshot 1`] = `ShallowWrapper {}`;
