// Jest Snapshot v1, https://goo.gl/fbAQLP

exports[`CrawlScreen Should match the snapshot 1`] = `ShallowWrapper {}`;
